D:/7_semestr/CUiMP/exercise1_FreeRTOS/app/app.c:29:6:APP_init	16	static
D:/7_semestr/CUiMP/exercise1_FreeRTOS/app/app.c:52:6:APP_start	8	static
D:/7_semestr/CUiMP/exercise1_FreeRTOS/app/app.c:56:13:set_freq_proc	64	static
D:/7_semestr/CUiMP/exercise1_FreeRTOS/app/app.c:72:13:run_proc	24	static
D:/7_semestr/CUiMP/exercise1_FreeRTOS/app/app.c:103:6:stop_run_proc	16	static
D:/7_semestr/CUiMP/exercise1_FreeRTOS/app/app.c:110:6:reset_proc	16	static
D:/7_semestr/CUiMP/exercise1_FreeRTOS/app/app.c:119:10:convert	40	static
D:/7_semestr/CUiMP/exercise1_FreeRTOS/app/app.c:132:6:on_led	16	static
D:/7_semestr/CUiMP/exercise1_FreeRTOS/app/app.c:162:6:off_led	16	static
../Core/Src/main.c:65:5:main	8	static
../Core/Src/main.c:138:6:SystemClock_Config	72	static
../Core/Src/main.c:178:13:MX_GPIO_Init	40	static
../Core/Src/main.c:264:6:HAL_GPIO_EXTI_Callback	16	static
../Core/Src/main.c:278:6:Error_Handler	4	static,ignoring_inline_asm
